// Jest Snapshot v1, https://goo.gl/fbAQLP

exports[`<Home /> should create a snapshot for Home Page 1`] = `
<div
  data-testid="page-wrapper"
>
  Home Page
</div>
`;
